// Jest Snapshot v1, https://goo.gl/fbAQLP

exports[`should return Expense List Item 1`] = `
<div>
  <Link
    replace={false}
    to="/edit/undefined"
  >
    <h3>
      Gum
    </h3>
  </Link>
  <p>
    ₹2.50
      -  
    January 5th 1970
  </p>
</div>
`;
