// Jest Snapshot v1, https://goo.gl/fbAQLP

exports[`should return the Loader page component correctly 1`] = `
<div
  className="loader"
>
  <img
    className="loader__image"
    src="/images/loader1.gif"
  />
</div>
`;
