// Jest Snapshot v1, https://goo.gl/fbAQLP

exports[`should return Not found page component 1`] = `
<div>
  404! - 
  <Link
    replace={false}
    to="/"
  >
    Goto Home
  </Link>
</div>
`;
